// Jest Snapshot v1, https://goo.gl/fbAQLP

exports[`Pruebas en GifItem Component Match with Snapshot 1`] = `
<div>
  <div
    class="card"
  >
    <img
      alt="Saitama"
      src="prueba"
    />
    <p>
      Saitama
    </p>
  </div>
</div>
`;
